MWC	MSL	ALE400	ILE400	ALE400	ILE400
1	99	 99.94%	 99.94%	0.9888	0.9942
1	3	100.00%	100.00%	0.9740	1.0000
3	99	 99.94%	 99.94%	0.9840	0.9931

