COST FUNC	PA	F1
no_cost_added	 99.96%	0.9789
reverse_count	 99.96%	0.9839
mi_simplified	 99.96%	0.9850

