Total sentences parsed in full:		100.00%
Total sentences not parsed at all:	  0.00%
Average sentence parse:			100.00%
Total sentences:			3037.00
Skipped sentences:			0.00
Parse time:				0h 0m 1s 760ms

Parse quality:	 99.68%

Average total links:	3.64
Average ignored links:	0.00
Average missing links:	0.02
Average extra links:	0.05

Recall:		0.9968
Precision:	0.9912
F1:		0.9940

Total sentences:	3037.00
Skipped sentences:	0.00

